19:47:36.408 Running build in Washington, D.C., USA (East) – iad1
19:47:36.409 Build machine configuration: 2 cores, 8 GB
19:47:36.539 Cloning github.com/tungnguyenson/mvpui (Branch: main, Commit: 77c2c6d)
19:47:38.608 Cloning completed: 2.069s
19:47:38.862 Restored build cache from previous deployment (GxRLtH9fmDiCJ24Xz97VFLHLXm4i)
19:47:39.127 Running "vercel build"
19:47:39.147 Vercel CLI 54.9.0
19:47:39.473 Detected `pnpm-lock.yaml` version 9 generated by pnpm@10.x with package.json#packageManager pnpm@10.33.4
19:47:39.481 Running "install" command: `cd ../.. && pnpm install --frozen-lockfile`...
19:47:41.800 Scope: all 7 workspace projects
19:47:41.911 Lockfile is up to date, resolution step is skipped
19:47:42.072 Already up to date
19:47:42.571 
19:47:42.617 ╭ Warning ─────────────────────────────────────────────────────────────────────╮
19:47:42.618 │                                                                              │
19:47:42.619 │   Ignored build scripts: @parcel/watcher@2.5.6.                              │
19:47:42.619 │   Run "pnpm approve-builds" to pick which dependencies should be allowed     │
19:47:42.619 │   to run scripts.                                                            │
19:47:42.619 │                                                                              │
19:47:42.620 ╰──────────────────────────────────────────────────────────────────────────────╯
19:47:42.629 Done in 1.2s using pnpm v10.33.4
19:47:42.651 Detected Next.js version: 16.2.6
19:47:42.651 Running "cd ../.. && pnpm -r run build"
19:47:43.265 Scope: 6 of 7 workspace projects
19:47:43.268 packages/charts build$ tsup
19:47:43.270 packages/tokens build$ tsup
19:47:43.838 packages/charts build: CLI Building entry: {"index":"src/index.ts","bar-chart":"src/components/bar-chart.tsx","line-chart":"src/components/line-chart.tsx","pie-chart":"src/components/pie-chart.tsx","progress-circle":"src/components/progress-circle.tsx"}
(truncated similar lines)
19:47:44.009 packages/charts build: CJS dist/progress-circle.cjs.map 6.05 KB
19:47:44.009 packages/charts build: CJS ⚡️ Build success in 139ms
19:47:44.570 packages/tokens build: DTS Build start
19:47:44.591 packages/charts build: DTS Build start
19:47:46.303 packages/tokens build: DTS ⚡️ Build success in 1734ms
19:47:46.305 packages/tokens build: DTS dist/tokens.d.ts  4.27 KB
19:47:46.306 packages/tokens build: DTS dist/tokens.d.cts 4.27 KB
19:47:46.362 packages/tokens build: Done
19:47:48.119 packages/charts build: DTS ⚡️ Build success in 3528ms
(truncated similar lines)
19:47:48.122 packages/charts build: DTS dist/progress-circle.d.cts 749.00 B
19:47:48.159 packages/charts build: Done
19:47:48.160 packages/ui build$ tsup && tailwindcss -i src/styles.css -o dist/styles.css --minify
19:47:48.488 packages/ui build: CLI Building entry: {"index":"src/index.ts","alert":"src/components/alert.tsx","badge":"src/components/badges/badge.tsx","badge-with-dot":"src/components/badges/badge-with-dot.tsx","badge-with-icon":"src/components/badges/badge-with-icon.tsx","badge-with-flag":"src/components/badges/badge-with-flag.tsx","badge-with-image":"src/components/badges/badge-with-image.tsx","badge-with-button":"src/components/badges/badge-with-button.tsx","button":"src/components/buttons/button.tsx","button-utility":"src/components/buttons/button-utility.tsx","close-button":"src/components/buttons/close-button.tsx","social-button":"src/components/buttons/social-button.tsx","social-logos":"src/components/buttons/social-logos.tsx","app-store-buttons":"src/components/buttons/app-store-buttons.tsx","app-store-buttons-outline":"src/components/buttons/app-store-buttons-outline.tsx","mac-app-store-buttons":"src/components/buttons/mac-app-store-buttons.tsx","card":"src/components/card.tsx","input":"src/components/inputs/input.tsx","label":"src/components/inputs/label.tsx","hint-text":"src/components/inputs/hint-text.tsx","input-group":"src/components/inputs/input-group.tsx","input-file":"src/components/inputs/input-file.tsx","input-payment":"src/components/inputs/input-payment.tsx","input-date":"src/components/inputs/input-date.tsx","input-number":"src/components/inputs/input-number.tsx","input-tags":"src/components/inputs/input-tags.tsx","pin-input":"src/components/inputs/pin-input.tsx","payment-icons":"src/components/inputs/payment-icons.tsx","tooltip":"src/components/tooltip.tsx","tags":"src/components/tags.tsx","section":"src/components/section.tsx","featured-icon":"src/components/featured-icon.tsx","avatar":"src/components/avatars/avatar.tsx","avatar-label-group":"src/components/avatars/avatar-label-group.tsx","avatar-profile-photo":"src/components/avatars/avatar-profile-photo.tsx","avatar-company-icon":"src/components/avatars/avatar-company-icon.tsx","avatar-count":"src/components/avatars/avatar-count.tsx","avatar-add-button":"src/components/avatars/avatar-add-button.tsx","progress-bar-base":"src/components/progress/progress-bar-base.tsx","progress-bar":"src/components/progress/progress-bar.tsx","progress-bar-circle":"src/components/progress/progress-bar-circle.tsx","progress-bar-half-circle":"src/components/progress/progress-bar-half-circle.tsx","checkbox":"src/components/checkbox.tsx","radio":"src/components/radio.tsx","toggle":"src/components/toggle.tsx","segmented":"src/components/segmented.tsx","textarea":"src/components/textarea.tsx","select":"src/components/select.tsx","combobox":"src/components/combobox.tsx","multi-select":"src/components/multi-select.tsx","tag-select":"src/components/tag-select.tsx","table":"src/components/table.tsx","file-upload":"src/components/file-upload.tsx","toast":"src/components/toast.tsx","command-menu":"src/components/command-menu.tsx","slider":"src/components/slider.tsx","button-group":"src/components/buttons/button-group.tsx","integration-icons":"src/components/integration-icons.tsx","tabs":"src/components/tabs.tsx","breadcrumbs":"src/components/breadcrumbs.tsx","page-header":"src/components/page-header.tsx","fab":"src/components/fab.tsx","pagination":"src/components/pagination.tsx","empty-state":"src/components/empty-state.tsx","loading-indicator":"src/components/loading-indicator.tsx","badge-group":"src/components/badges/badge-group.tsx","dropdown":"src/components/dropdown.tsx","file-upload-trigger":"src/components/file-upload-trigger.tsx","drawer":"src/components/drawer.tsx","date-picker":"src/components/date-picker.tsx","app-nav":"src/components/app-nav.tsx","sidebar-nav":"src/components/sidebar-nav/index.tsx","section-divider":"src/components/section-divider.tsx","iphone-mockup":"src/components/iphone-mockup.tsx","background-pattern":"src/components/background-patterns/index.tsx","illustration":"src/components/illustrations/index.tsx","credit-card":"src/components/credit-card.tsx","qr-code":"src/components/qr-code.tsx","form":"src/components/form.tsx","modal":"src/components/m
19:47:48.495 packages/ui build: CLI Using tsconfig: tsconfig.json
19:47:48.495 packages/ui build: CLI tsup v8.5.1
19:47:48.495 packages/ui build: CLI Using tsup config: /vercel/path0/packages/ui/tsup.config.ts
19:47:48.509 packages/ui build: CLI Target: es2022
19:47:48.518 packages/ui build: CLI Cleaning output folder
19:47:48.520 packages/ui build: ESM Build start
19:47:48.521 packages/ui build: CJS Build start
19:47:49.266 packages/ui build: DTS Build start
19:47:55.390 packages/ui build: CJS dist/alert.cjs                         3.12 KB
19:47:55.392 packages/ui build: CJS dist/badge.cjs                         7.38 KB
19:47:55.393 packages/ui build: CJS dist/badge-with-dot.cjs                5.27 KB
(truncated similar lines)
19:48:10.403 packages/ui build: DTS dist/shared-DzZm0Skt.d.cts           691.00 B
19:48:10.770 packages/ui build: ≈ tailwindcss v4.3.0
19:48:11.002 packages/ui build: Done in 231ms
19:48:11.014 packages/ui build: Done
19:48:11.015 apps/docs prebuild$ pnpm --filter "docs^..." build
19:48:11.016 apps/staffing-saas build$ next build
19:48:11.586 apps/docs prebuild: Scope: 3 of 7 workspace projects
19:48:11.599 apps/docs prebuild: ../../packages/charts build$ tsup
(truncated similar lines)
19:48:30.025 apps/docs prebuild: ../../packages/ui build: ESM dist/index.js.map                     1.56 MB
19:48:30.025 apps/docs prebuild: ../../packages/ui build: ESM ⚡️ Build success in 9667ms
19:48:56.754 apps/staffing-saas build: ✓ Compiled successfully in 43s
19:48:56.774 apps/staffing-saas build:   Running TypeScript ...
19:49:01.336 apps/docs prebuild: ../../packages/ui build: DTS ⚡️ Build success in 39824ms
19:49:01.344 apps/docs prebuild: ../../packages/ui build: DTS dist/index.d.ts                      13.95 KB
19:49:01.345 apps/docs prebuild: ../../packages/ui build: DTS dist/alert.d.ts                      989.00 B
(truncated similar lines)
19:49:01.437 apps/docs prebuild: ../../packages/ui build: DTS dist/shared-DzZm0Skt.d.cts           691.00 B
19:49:01.963 apps/docs prebuild: ../../packages/ui build: ≈ tailwindcss v4.3.0
19:49:02.507 apps/docs prebuild: ../../packages/ui build: Done in 536ms
19:49:02.537 apps/docs prebuild: ../../packages/ui build: Done
19:49:02.577 apps/docs prebuild: Done
19:49:02.578 apps/docs build$ next build
19:49:03.676 apps/docs build:   Applying modifyConfig from Vercel
19:49:03.686 apps/docs build: Attention: Next.js now collects completely anonymous telemetry regarding usage.
19:49:03.687 apps/docs build: This information is used to shape Next.js' roadmap and prioritize features.
19:49:03.687 apps/docs build: You can learn more, including how to opt-out if you'd not like to participate in this anonymous program, by visiting the following URL:
19:49:03.688 apps/docs build: https://nextjs.org/telemetry
19:49:03.712 apps/docs build: ▲ Next.js 16.2.6 (Turbopack)
19:49:03.844 apps/docs build:   Creating an optimized production build ...
19:49:25.058 apps/staffing-saas build: Failed to type check.
19:49:25.059 apps/staffing-saas build: ./app/components/_shared/EmptyState.tsx:15:10
19:49:25.060 apps/staffing-saas build: Type error: Type '{ children: string; color: string; size: string; iconLeading: Element; }' is not assignable to type 'IntrinsicAttributes & RefAttributes<any>'.
19:49:25.060 apps/staffing-saas build:   Property 'children' does not exist on type 'IntrinsicAttributes & RefAttributes<any>'.
19:49:25.060 apps/staffing-saas build:   13 |       </p>
19:49:25.061 apps/staffing-saas build:   14 |       <div className="mt-6">
19:49:25.061 apps/staffing-saas build: > 15 |         <Button color="primary" size="sm" iconLeading={<Plus className="size-4" />}>
19:49:25.061 apps/staffing-saas build:      |          ^
19:49:25.061 apps/staffing-saas build:   16 |           Tạo mới
19:49:25.062 apps/staffing-saas build:   17 |         </Button>
19:49:25.062 apps/staffing-saas build:   18 |       </div>
19:49:25.166 apps/staffing-saas build: Next.js build worker exited with code: 1 and signal: null
19:49:25.228 apps/staffing-saas build: Failed
19:49:25.259 /vercel/path0/apps/staffing-saas:
19:49:25.260  ERR_PNPM_RECURSIVE_RUN_FIRST_FAIL  staffing-saas@0.0.2 build: `next build`
19:49:25.260 Exit status 1
19:49:25.261 apps/worker-app build$ next build
19:49:25.331 Error: Command "cd ../.. && pnpm -r run build" exited with 1